This is a connectiong test log!